// Jest Snapshot v1, https://goo.gl/fbAQLP

exports[` Tarea en el counter app  Match con el snapch 1`] = `
<div>
  <h1>
    Counter App
  </h1>
  <h2>
    10
  </h2>
  <button>
    +1
  </button>
  <button>
    -1
  </button>
  <button
    aria-label="btn-reset"
  >
    Reset
  </button>
</div>
`;
